******************************************************************************
                  TI ARM Linker PC v16.9.0                     
******************************************************************************
>> Linked Wed Feb 22 16:44:44 2017

OUTPUT FILE NAME:   <wifi_audio_app.out>
ENTRY POINT SYMBOL: "_c_int00"  address: 2000fc95


MEMORY CONFIGURATION

         name            origin    length      used     unused   attr    fill
----------------------  --------  ---------  --------  --------  ----  --------
  SRAM_CODE             20004000   0000f690  0000cd54  0000293c  RW X
  SRAM_DATA             20013690   0001c970  00018936  0000403a  RW X


SEGMENT ALLOCATION MAP

run origin  load origin   length   init length attrs members
----------  ----------- ---------- ----------- ----- -------
20004000    20004000    0000cd58   0000cd58    r-x
  20004000    20004000    00000400   00000400    r-- .intvecs
  20004400    20004400    0000c52c   0000c52c    r-x .text
  2001092c    2001092c    000003b8   000003b8    r-- .const
  20010ce8    20010ce8    00000070   00000070    r-- .cinit
20013690    20013690    000170e4   00000000    rw-
  20013690    20013690    00017000   00000000    rw- .sysmem
  2002a690    2002a690    000000e4   00000000    rw- .data
2002a800    2002a800    00001352   00000000    rw-
  2002a800    2002a800    00001352   00000000    rw- .bss
2002fb00    2002fb00    00000500   00000000    rw-
  2002fb00    2002fb00    00000500   00000000    rw- .stack


SECTION ALLOCATION MAP

 output                                  attributes/
section   page    origin      length       input sections
--------  ----  ----------  ----------   ----------------
.intvecs   0    20004000    00000400     
                  20004000    00000400     startup_ccs.obj (.intvecs)

.init_array 
*          0    20004000    00000000     UNINITIALIZED

.text      0    20004400    0000c52c     
                  20004400    00002ad4     fatfs.a : ff.obj (.text)
                  20006ed4    0000125c     free_rtos.a : tasks.obj (.text)
                  20008130    00000b24                 : queue.obj (.text)
                  20008c54    00000624     audiocodec.obj (.text)
                  20009278    00000590     simplelink.a : driver.obj (.text:_SlDrvMsgRead)
                  20009808    000004bc     diskio.obj (.text)
                  20009cc4    0000045c     control.obj (.text)
                  2000a120    0000045c     free_rtos.a : osi_freertos.obj (.text)
                  2000a57c    000003d0     rtsv7M4_T_le_eabi.lib : memory.obj (.text)
                  2000a94c    000003b4     network.obj (.text)
                  2000ad00    00000390     gpio_if.obj (.text)
                  2000b090    000002de     circ_buff.obj (.text)
                  2000b36e    00000002     driverlib.a : interrupt.obj (.text:IntDefaultHandler)
                  2000b370    000002b8     pcm_handler.obj (.text)
                  2000b628    00000284     i2c_if.obj (.text)
                  2000b8ac    00000228     speaker.obj (.text)
                  2000bad4    000001fc     simplelink.a : driver.obj (.text:_SlDrvRxHdrRead)
                  2000bcd0    000001f4     rtsv7M4_T_le_eabi.lib : ull_div_t2.obj (.text)
                  2000bec4    000001d0     simplelink.a : driver.obj (.text:_SlDrvReleasePoolObj)
                  2000c094    000001c0     udma_if.obj (.text)
                  2000c254    000001a0     main.obj (.text)
                  2000c3f4    0000019c     simplelink.a : driver.obj (.text:_SlDrvMsgWrite)
                  2000c590    0000019c     uart_if.obj (.text)
                  2000c72c    00000190     simplelink.a : driver.obj (.text:_SlDrvDriverCBInit)
                  2000c8bc    00000190                  : driver.obj (.text:_SlDrvWaitForPoolObj)
                  2000ca4c    00000178     driverlib.a : prcm.obj (.text:PRCMCC3200MCUInit)
                  2000cbc4    00000170     simplelink.a : driver.obj (.text:_SlFindAndSetActiveObj)
                  2000cd34    00000150                  : cc_pal.obj (.text:spi_Open)
                  2000ce84    0000012a     free_rtos.a : list.obj (.text)
                  2000cfae    00000002     rtsv7M4_T_le_eabi.lib : mpu_init.obj (.text)
                  2000cfb0    00000120     simplelink.a : driver.obj (.text:_SlDrvMsgReadCmdCtx)
                  2000d0d0    00000118                  : driver.obj (.text:_SlDrvDriverCBDeinit)
                  2000d1e8    00000110     free_rtos.a : port.obj (.text)
                  2000d2f8    00000104     simplelink.a : netapp.obj (.text:_SlDrvNetAppEventHandler)
                  2000d3fc    00000100     i2s_if.obj (.text)
                  2000d4fc    00000100     simplelink.a : netapp.obj (.text:sl_NetAppDnsGetHostByService)
                  2000d5fc    000000f0     driverlib.a : udma.obj (.text:uDMAChannelTransferSet)
                  2000d6ec    000000ee                 : i2s.obj (.text:I2SConfigSetExpClk)
                  2000d7da    00000002     rtsv7M4_T_le_eabi.lib : startup.obj (.text)
                  2000d7dc    000000e8     simplelink.a : driver.obj (.text:_SlAsyncEventGenericHandler)
                  2000d8c4    000000e4                  : device.obj (.text:sl_Stop)
                  2000d9a8    000000e0                  : device.obj (.text:sl_Start)
                  2000da88    000000dc                  : driver.obj (.text:_SlDrvClassifyRxMsg)
                  2000db64    000000dc                  : cc_pal.obj (.text:spi_Read)
                  2000dc40    000000d4                  : driver.obj (.text:_SlDrvMsgReadSpawnCtx)
                  2000dd14    000000cc                  : netapp.obj (.text:_sl_HandleAsync_DnsGetHostByService)
                  2000dde0    000000c8                  : netapp.obj (.text:sl_NetAppMDNSRegisterUnregisterService)
                  2000dea8    000000c4                  : driver.obj (.text:_SlRemoveFromList)
                  2000df6c    000000c0                  : driver.obj (.text:_SlDrvCmdOp)
                  2000e02c    000000ba     free_rtos.a : portasm.obj (.text)
                  2000e0e6    00000002     --HOLE-- [fill = 0]
                  2000e0e8    000000b4     pinmux.obj (.text)
                  2000e19c    000000a8     driverlib.a : interrupt.obj (.text:IntDisable)
                  2000e244    000000a8                 : interrupt.obj (.text:IntEnable)
                  2000e2ec    000000a8     simplelink.a : wlan.obj (.text:sl_WlanSmartConfigStart)
                  2000e394    000000a0     driverlib.a : spi.obj (.text:SPIConfigSetExpClk)
                  2000e434    000000a0     simplelink.a : driver.obj (.text:_SlDriverHandleError)
                  2000e4d4    0000009c     rtsv7M4_T_le_eabi.lib : memcpy_t2.obj (.text)
                  2000e570    0000009c     simplelink.a : socket.obj (.text:sl_Bind)
                  2000e60c    0000009a                  : device.obj (.text:_SlDrvDeviceEventHandler)
                  2000e6a6    00000002     --HOLE-- [fill = 0]
                  2000e6a8    00000094     driverlib.a : prcm.obj (.text:PRCMPeripheralClockGet)
                  2000e73c    00000090     simplelink.a : netapp.obj (.text:_sl_HandleAsync_DnsGetHostByName)
                  2000e7cc    00000090                  : netapp.obj (.text:_sl_HandleAsync_PingResponse)
                  2000e85c    0000008c                  : cc_pal.obj (.text:SetupDMAReceive)
                  2000e8e8    0000008c                  : cc_pal.obj (.text:SetupDMASend)
                  2000e974    0000008c                  : cc_pal.obj (.text:spi_Write)
                  2000ea00    00000088     driverlib.a : pin.obj (.text:PinConfigSet)
                  2000ea88    00000084                 : i2c.obj (.text:I2CMasterInitExpClk)
                  2000eb0c    00000084                 : i2s.obj (.text:I2SEnable)
                  2000eb90    00000082                 : gpio.obj (.text:GPIOIntTypeSet)
                  2000ec12    00000002     --HOLE-- [fill = 0]
                  2000ec14    00000080     simplelink.a : socket.obj (.text:_sl_HandleAsync_Connect)
                  2000ec94    00000080                  : device.obj (.text:_sl_HandleAsync_InitComplete)
                  2000ed14    00000080     smartconfig.obj (.text)
                  2000ed94    00000080     simplelink.a : cc_pal.obj (.text:spi_Read_CPU)
                  2000ee14    00000080                  : cc_pal.obj (.text:spi_Write_CPU)
                  2000ee94    0000007c     driverlib.a : sdhost.obj (.text:SDHostInit)
                  2000ef10    0000007a     rtsv7M4_T_le_eabi.lib : memset_t2.obj (.text)
                  2000ef8a    00000002     --HOLE-- [fill = 0]
                  2000ef8c    00000078     simplelink.a : wlan.obj (.text:sl_WlanPolicySet)
                  2000f004    00000078                  : cc_pal.obj (.text:spi_Close)
                  2000f07c    00000070     rtsv7M4_T_le_eabi.lib : autoinit.obj (.text)
                  2000f0ec    00000070     simplelink.a : socket.obj (.text:sl_Socket)
                  2000f15c    0000006c                  : driver.obj (.text:_SlDrvCmdSend)
                  2000f1c8    0000006c                  : netapp.obj (.text:_sl_NetAppSendTokenValue)
                  2000f234    00000068     rtsv7M4_T_le_eabi.lib : copy_decompress_lzss.obj (.text:decompress:lzss)
                  2000f29c    00000066     driverlib.a : sdhost.obj (.text:SDHostSetExpClk)
                  2000f302    00000002     --HOLE-- [fill = 0]
                  2000f304    00000064     simplelink.a : socket.obj (.text:_sl_HandleAsync_Accept)
                  2000f368    00000064     driverlib.a : udma.obj (.text:uDMAChannelAttributeDisable)
                  2000f3cc    00000064                 : udma.obj (.text:uDMAChannelAttributeEnable)
                  2000f430    00000058                 : interrupt.obj (.text:IntPendClear)
                  2000f488    00000058                 : prcm.obj (.text:PRCMI2SClockFreqSet)
                  2000f4e0    00000058                 : prcm.obj (.text:PRCMPeripheralReset)
                  2000f538    00000054                 : interrupt.obj (.text:IntPrioritySet)
                  2000f58c    00000054     simplelink.a : socket.obj (.text:_sl_HandleAsync_Select)
                  2000f5e0    00000054     rtsv7M4_T_le_eabi.lib : exit.obj (.text)
                  2000f634    00000050     simplelink.a : driver.obj (.text:_SlDrvRxIrqHandler)
                  2000f684    00000050                  : device.obj (.text:_sl_HandleAsync_Stop)
                  2000f6d4    00000050                  : netapp.obj (.text:sl_NetAppMDNSRegisterService)
                  2000f724    0000004c     driverlib.a : spi.obj (.text:SPIIntEnable)
                  2000f770    0000004c     simplelink.a : driver.obj (.text:_SlDrvProtectAsyncRespSetting)
                  2000f7bc    0000004c                  : socket.obj (.text:_sl_BuildAddress)
                  2000f808    0000004c     rtsv7M4_T_le_eabi.lib : cpy_tbl.obj (.text)
                  2000f854    0000004c     driverlib.a : udma.obj (.text:uDMAChannelAssign)
                  2000f8a0    00000048                 : spi.obj (.text:SPIIntClear)
                  2000f8e8    00000048     simplelink.a : driver.obj (.text:_SlDrvBasicCmd)
                  2000f930    00000048                  : netapp.obj (.text:sl_NetAppMDNSUnRegisterService)
                  2000f978    00000044     driverlib.a : i2s.obj (.text:I2SSerializerConfig)
                  2000f9bc    00000044                 : spi.obj (.text:SPIDmaMaskGet)
                  2000fa00    00000044     simplelink.a : driver.obj (.text:_SlDrvHandleHttpServerEvents)
                  2000fa44    00000044                  : cc_pal.obj (.text:cc_SetupTransfer)
                  2000fa88    00000044                  : wlan.obj (.text:sl_WlanProfileDel)
                  2000facc    00000044                  : wlan.obj (.text:sl_WlanSetMode)
                  2000fb10    00000042                  : socket.obj (.text:sl_Htonl)
                  2000fb52    00000002     --HOLE-- [fill = 0]
                  2000fb54    00000040     driverlib.a : i2s.obj (.text:I2SIntEnable)
                  2000fb94    00000040                 : pin.obj (.text:PinModeSet)
                  2000fbd4    00000040     simplelink.a : driver.obj (.text:_SlDrvHandleNetAppEvents)
                  2000fc14    00000040                  : driver.obj (.text:_SlDrvHandleWlanEvents)
                  2000fc54    00000040                  : driver.obj (.text:_SlDrvSyncObjWaitTimeout)
                  2000fc94    00000040     rtsv7M4_T_le_eabi.lib : boot.obj (.text)
                  2000fcd4    0000003e     driverlib.a : sdhost.obj (.text:SDHostCmdSend)
                  2000fd12    0000003c     simplelink.a : netapp.obj (.text:CopyPingResultsToReport)
                  2000fd4e    00000002     --HOLE-- [fill = 0]
                  2000fd50    0000003c     driverlib.a : prcm.obj (.text:PRCMPeripheralClkEnable)
                  2000fd8c    0000003c                 : pin.obj (.text:PinDirModeSet)
                  2000fdc8    0000003c     simplelink.a : socket.obj (.text:sl_Htons)
                  2000fe04    0000003c     driverlib.a : udma.obj (.text:uDMAChannelControlSet)
                  2000fe40    00000038                 : i2s.obj (.text:I2SIntClear)
                  2000fe78    00000038     simplelink.a : cc_pal.obj (.text:NwpPowerOff)
                  2000feb0    00000038     free_rtos.a : heap_3.obj (.text)
                  2000fee8    00000036     driverlib.a : gpio.obj (.text:GPIODirModeSet)
                  2000ff1e    00000002     --HOLE-- [fill = 0]
                  2000ff20    00000034                 : prcm.obj (.text:PRCMPeripheralStatusGet)
                  2000ff54    00000034                 : sdhost.obj (.text:SDHostRespGet)
                  2000ff88    00000034                 : spi.obj (.text:SPIFIFOLevelSet)
                  2000ffbc    00000030                 : pin.obj (.text:PinTypeGPIO)
                  2000ffec    0000002c     simplelink.a : cc_pal.obj (.text:DmaSpiSwIntHandler)
                  20010018    0000002c     driverlib.a : i2c.obj (.text:I2CMasterErr)
                  20010044    0000002c                 : prcm.obj (.text:PRCMSysResetCauseGet)
                  20010070    0000002c                 : sdhost.obj (.text:SDHostIntStatus)
                  2001009c    0000002a                 : i2s.obj (.text:I2SGBLEnable)
                  200100c6    0000002a                 : i2s.obj (.text:I2SRxFIFOEnable)
                  200100f0    0000002a                 : i2s.obj (.text:I2STxFIFOEnable)
                  2001011a    00000002     --HOLE-- [fill = 0]
                  2001011c    00000028                 : prcm.obj (.text:PRCMPeripheralClkDisable)
                  20010144    00000028                 : sdhost.obj (.text:SDHostBlockSizeSet)
                  2001016c    00000028     simplelink.a : driver.obj (.text:_SlDrvObjGlobalLockWaitForever)
                  20010194    00000028                  : driver.obj (.text:_SlDrvProtectionObjLockWaitForever)
                  200101bc    00000026                  : cc_pal.obj (.text:NwpRegisterInterruptHandler)
                  200101e2    00000026     driverlib.a : sdhost.obj (.text:SDHostBlockCountSet)
                  20010208    00000026     network_common.obj (.text)
                  2001022e    00000002     --HOLE-- [fill = 0]
                  20010230    00000024     driverlib.a : interrupt.obj (.text:IntUnregister)
                  20010254    00000024                 : sdhost.obj (.text:SDHostIntClear)
                  20010278    00000024     simplelink.a : driver.obj (.text:_SlDrvGlobalObjUnLock)
                  2001029c    00000024                  : driver.obj (.text:_SlDrvProtectionObjUnLock)
                  200102c0    00000024                  : driver.obj (.text:_SlDrvSyncObjWaitForever)
                  200102e4    00000024     rtsv7M4_T_le_eabi.lib : memmov.obj (.text)
                  20010308    00000022     driverlib.a : gpio.obj (.text:GPIOIntStatus)
                  2001032a    00000022                 : i2c.obj (.text:I2CMasterSlaveAddrSet)
                  2001034c    00000022                 : sdhost.obj (.text:SDHostCmdReset)
                  2001036e    00000022                 : spi.obj (.text:SPIReset)
                  20010390    00000022                 : spi.obj (.text:SPIWordCountSet)
                  200103b2    00000020                 : gpio.obj (.text:GPIOPinWrite)
                  200103d2    00000002     --HOLE-- [fill = 0]
                  200103d4    00000020                 : interrupt.obj (.text:IntRegister)
                  200103f4    00000020     simplelink.a : cc_pal.obj (.text:NwpPowerOn)
                  20010414    00000020     driverlib.a : sdhost.obj (.text:SDHostDataRead)
                  20010434    00000020     simplelink.a : wlan.obj (.text:sl_WlanSmartConfigStop)
                  20010454    0000001e     driverlib.a : i2c.obj (.text:I2CMasterIntStatusEx)
                  20010472    0000001e                 : sdhost.obj (.text:SDHostDataWrite)
                  20010490    0000001e                 : uart.obj (.text:UARTCharPut)
                  200104ae    0000001e     simplelink.a : driver.obj (.text:_SlDrvSyncObjSignal)
                  200104cc    0000001e                  : cc_pal.obj (.text:cc_UDMAChannelSelect)
                  200104ea    0000001c     driverlib.a : pin.obj (.text:PinTypeI2C)
                  20010506    0000001c                 : uart.obj (.text:UARTCharGetNonBlocking)
                  20010522    00000002     --HOLE-- [fill = 0]
                  20010524    0000001c                 : udma.obj (.text:uDMAChannelDisable)
                  20010540    0000001c                 : udma.obj (.text:uDMAChannelEnable)
                  2001055c    0000001c                 : udma.obj (.text:uDMAChannelRequest)
                  20010578    0000001a                 : gpio.obj (.text:GPIOIntDisable)
                  20010592    0000001a                 : gpio.obj (.text:GPIOIntEnable)
                  200105ac    0000001a                 : pin.obj (.text:PinTypeI2S)
                  200105c6    0000001a                 : pin.obj (.text:PinTypeSDHost)
                  200105e0    0000001a                 : pin.obj (.text:PinTypeUART)
                  200105fa    0000001a                 : spi.obj (.text:SPIDmaDisable)
                  20010614    0000001a                 : spi.obj (.text:SPIDmaEnable)
                  2001062e    0000001a                 : spi.obj (.text:SPIFIFODisable)
                  20010648    0000001a                 : spi.obj (.text:SPIFIFOEnable)
                  20010662    00000018                 : gpio.obj (.text:GPIOPinRead)
                  2001067a    00000018                 : spi.obj (.text:SPICSDisable)
                  20010692    00000018                 : spi.obj (.text:SPICSEnable)
                  200106aa    00000018                 : spi.obj (.text:SPIDisable)
                  200106c2    00000018                 : spi.obj (.text:SPIEnable)
                  200106da    00000018                 : uart.obj (.text:UARTCharsAvail)
                  200106f2    00000002     --HOLE-- [fill = 0]
                  200106f4    00000018     simplelink.a : device.obj (.text:_sl_GetStartResponseConvert)
                  2001070c    00000018     rtsv7M4_T_le_eabi.lib : args_main.obj (.text)
                  20010724    00000016     driverlib.a : i2c.obj (.text:I2CMasterDataPut)
                  2001073a    00000016                 : i2c.obj (.text:I2CMasterEnable)
                  20010750    00000016                 : i2s.obj (.text:I2SIntRegister)
                  20010766    00000016                 : prcm.obj (.text:PRCMHIBRegRead)
                  2001077c    00000016                 : prcm.obj (.text:PRCMHIBRegWrite)
                  20010792    00000016     simplelink.a : driver.obj (.text:_SlDrvMemZero)
                  200107a8    00000014     driverlib.a : cpu.obj (.text:CPUcpsie)
                  200107bc    00000014                 : gpio.obj (.text:GPIOIntClear)
                  200107d0    00000014                 : interrupt.obj (.text:IntVTableBaseSet)
                  200107e4    00000014     rtsv7M4_T_le_eabi.lib : _lock.obj (.text)
                  200107f8    00000014                           : strlen.obj (.text)
                  2001080c    00000014     driverlib.a : udma.obj (.text:uDMAControlBaseSet)
                  20010820    00000014                 : udma.obj (.text:uDMAIntClear)
                  20010834    00000012                 : i2c.obj (.text:I2CMasterControl)
                  20010846    00000012                 : i2c.obj (.text:I2CMasterIntClearEx)
                  20010858    00000012                 : i2c.obj (.text:I2CMasterTimeoutSet)
                  2001086a    00000012                 : udma.obj (.text:uDMAIntUnregister)
                  2001087c    00000010     simplelink.a : driver.obj (.text:_SlDrvDispatchHttpServerEvents)
                  2001088c    0000000e     driverlib.a : i2c.obj (.text:I2CMasterDataGet)
                  2001089a    0000000e     simplelink.a : driver.obj (.text:_SlDrvResetCmdExt)
                  200108a8    0000000e     rtsv7M4_T_le_eabi.lib : copy_decompress_none.obj (.text:decompress:none)
                  200108b6    0000000e     startup_ccs.obj (.text)
                  200108c4    0000000c     simplelink.a : cc_pal.obj (.text:NwpMaskInterrupt)
                  200108d0    0000000c                  : cc_pal.obj (.text:NwpUnMaskInterrupt)
                  200108dc    0000000c     rtsv7M4_T_le_eabi.lib : copy_zero_init.obj (.text:decompress:ZI)
                  200108e8    0000000c     driverlib.a : udma.obj (.text:uDMAControlBaseGet)
                  200108f4    0000000c                 : udma.obj (.text:uDMADisable)
                  20010900    0000000c                 : udma.obj (.text:uDMAEnable)
                  2001090c    0000000c                 : udma.obj (.text:uDMAIntStatus)
                  20010918    0000000a                 : interrupt.obj (.text:IntMasterEnable)
                  20010922    00000006                 : utils.obj (.text:UtilsDelay)
                  20010928    00000004     rtsv7M4_T_le_eabi.lib : pre_init.obj (.text)

.const     0    2001092c    000003b8     
                  2001092c    00000100     driverlib.a : pin.obj (.const:g_ulPinToPadMap)
                  20010a2c    000000d4                 : interrupt.obj (.const:g_pulRegs)
                  20010b00    000000a8                 : prcm.obj (.const:PRCM_PeriphRegsList)
                  20010ba8    0000003c     simplelink.a : driver.obj (.const:OpcodeTranslateTable)
                  20010be4    00000038                  : driver.obj (.const:_SlActionLookupTable)
                  20010c1c    00000020                  : driver.obj (.const:RxMsgClassLUT)
                  20010c3c    00000018     driverlib.a : interrupt.obj (.const:g_pulDisRegs)
                  20010c54    00000018                 : interrupt.obj (.const:g_pulEnRegs)
                  20010c6c    00000018                 : interrupt.obj (.const:g_pulUnpendRegs)
                  20010c84    00000018                 : spi.obj (.const:g_ulSPIDmaMaskMap)
                  20010c9c    00000008     simplelink.a : device.obj (.const:StartResponseLUT)
                  20010ca4    00000008                  : driver.obj (.const:g_H2NCnysPattern)
                  20010cac    00000008                  : driver.obj (.const:g_H2NSyncPattern)
                  20010cb4    00000004                  : socket.obj (.const:$P$T0$1)
                  20010cb8    00000004                  : netapp.obj (.const:_SlGetHostByServiceCtrl)
                  20010cbc    00000004                  : netapp.obj (.const:_SlNetAppSendTokenValueCmdCtrl)
                  20010cc0    00000004                  : wlan.obj (.const:_SlPolicySetCmdCtrl)
                  20010cc4    00000004                  : wlan.obj (.const:_SlProfileDelCmdCtrl)
                  20010cc8    00000004                  : netapp.obj (.const:_SlRegisterServiceCtrl)
                  20010ccc    00000004                  : wlan.obj (.const:_SlSmartConfigStartCmdCtrl)
                  20010cd0    00000004                  : socket.obj (.const:_SlSockSocketCmdCtrl)
                  20010cd4    00000004                  : device.obj (.const:_SlStopCmdCtrl)
                  20010cd8    00000004                  : wlan.obj (.const:_SlWlanSetModeCmdCtrl)
                  20010cdc    00000004                  : driver.obj (.const:httpServer_callbacks)
                  20010ce0    00000004                  : driver.obj (.const:netApp_callbacks)

.cinit     0    20010ce8    00000070     
                  20010ce8    00000045     (.cinit..data.load) [load image, compression = lzss]
                  20010d2d    00000003     --HOLE-- [fill = 0]
                  20010d30    0000000c     (__TI_handler_table)
                  20010d3c    00000004     --HOLE-- [fill = 0]
                  20010d40    00000008     (.cinit..bss.load) [load image, compression = zero_init]
                  20010d48    00000010     (__TI_cinit_table)

.sysmem    0    20013690    00017000     UNINITIALIZED
                  20013690    00000008     rtsv7M4_T_le_eabi.lib : memory.obj (.sysmem)
                  20013698    00016ff8     --HOLE--

.data      0    2002a690    000000e4     UNINITIALIZED
                  2002a690    00000034     free_rtos.a : tasks.obj (.data)
                  2002a6c4    00000018     diskio.obj (.data:g_sDisk)
                  2002a6dc    00000014     gpio_if.obj (.data:ulReg)
                  2002a6f0    0000000d     main.obj (.data)
                  2002a6fd    00000002     audiocodec.obj (.data)
                  2002a6ff    00000001     --HOLE--
                  2002a700    0000000c     rtsv7M4_T_le_eabi.lib : exit.obj (.data:$O1$$)
                  2002a70c    0000000c                           : memory.obj (.data:$O1$$)
                  2002a718    0000000c     free_rtos.a : osi_freertos.obj (.data)
                  2002a724    0000000c     gpio_if.obj (.data)
                  2002a730    0000000c     speaker.obj (.data)
                  2002a73c    00000009     simplelink.a : cc_pal.obj (.data)
                  2002a745    00000002     control.obj (.data)
                  2002a747    00000001     --HOLE--
                  2002a748    00000009     simplelink.a : driver.obj (.data)
                  2002a751    00000003     --HOLE--
                  2002a754    00000008     rtsv7M4_T_le_eabi.lib : _lock.obj (.data:$O1$$)
                  2002a75c    00000008     network.obj (.data)
                  2002a764    00000004     free_rtos.a : port.obj (.data)
                  2002a768    00000004     pcm_handler.obj (.data)
                  2002a76c    00000004     rtsv7M4_T_le_eabi.lib : stkdepth_vars.obj (.data)
                  2002a770    00000004     simplelink.a : driver.obj (.data:wlan_callbacks)

.bss       0    2002a800    00001352     UNINITIALIZED
                  2002a800    00000400     (.common:gpCtlTbl)
                  2002ac00    00000400     (.common:pBuffer)
                  2002b000    00000230     (.common:fs)
                  2002b230    00000224     (.common:fp)
                  2002b454    00000200     (.common:gaucZeroBuffer)
                  2002b654    00000178     simplelink.a : driver.obj (.bss:g_StatMem)
                  2002b7cc    00000100     (.common:gfpAppCallbackHndl)
                  2002b8cc    000000c8     free_rtos.a : tasks.obj (.bss:pxReadyTasksLists)
                  2002b994    00000050     (.common:g_ucDinDout)
                  2002b9e4    00000050     (.common:xQueueRegistry)
                  2002ba34    0000002c     (.common:g_UdpSock)
                  2002ba60    00000024     (.common:g_ucConnectionSSID)
                  2002ba84    0000001c     (.common:dir)
                  2002baa0    00000014                 : tasks.obj (.bss:xDelayedTaskList1)
                  2002bab4    00000014                 : tasks.obj (.bss:xDelayedTaskList2)
                  2002bac8    00000014                 : tasks.obj (.bss:xPendingReadyList)
                  2002badc    00000014                 : tasks.obj (.bss:xSuspendedTaskList)
                  2002baf0    00000014                 : tasks.obj (.bss:xTasksWaitingTermination)
                  2002bb04    00000008                 : tasks.obj (.bss)
                  2002bb0c    00000008     (.common:g_ucConnectionBSSID)
                  2002bb14    00000004     fatfs.a : ff.obj (.bss:FatFs)
                  2002bb18    00000004     uart_if.obj (.bss)
                  2002bb1c    00000004     audiocodec.obj (.bss:val)
                  2002bb20    00000004     (.common:DMAMsgQ)
                  2002bb24    00000004     (.common:Size)
                  2002bb28    00000004     (.common:g_AudioControlTask)
                  2002bb2c    00000004     (.common:g_ControlMsgQueue)
                  2002bb30    00000004     (.common:g_cDummy)
                  2002bb34    00000004     (.common:g_pAudioInControlHdl)
                  2002bb38    00000004     (.common:g_pAudioOutControlHdl)
                  2002bb3c    00000004     (.common:g_pPlayBuffer)
                  2002bb40    00000004     (.common:g_pRecordBuffer)
                  2002bb44    00000004     (.common:pRxBuffer)
                  2002bb48    00000002     fatfs.a : ff.obj (.bss)
                  2002bb4a    00000001     audiocodec.obj (.bss)
                  2002bb4b    00000001     (.common:RxIrqCnt)
                  2002bb4c    00000001     (.common:g_bDeviceRestartIsRequired)
                  2002bb4d    00000001     (.common:g_ucLED1Pin)
                  2002bb4e    00000001     (.common:g_ucLED2Pin)
                  2002bb4f    00000001     (.common:g_ucLED3Pin)
                  2002bb50    00000001     (.common:iDone)
                  2002bb51    00000001     (.common:res)

.stack     0    2002fb00    00000500     UNINITIALIZED
                  2002fb00    00000500     --HOLE--

MODULE SUMMARY

       Module                     code    ro data   rw data
       ------                     ----    -------   -------
    .\
       speaker.obj                552     0         2177   
       udma_if.obj                448     0         1281   
       audiocodec.obj             1572    0         7      
       diskio.obj                 1212    0         24     
       pcm_handler.obj            696     0         524    
       control.obj                1116    0         18     
       startup_ccs.obj            14      1024      0      
       network.obj                948     0         52     
       gpio_if.obj                912     0         35     
       circ_buff.obj              734     0         0      
       i2c_if.obj                 644     0         0      
       main.obj                   416     0         61     
       uart_if.obj                412     0         4      
       i2s_if.obj                 256     0         0      
       pinmux.obj                 180     0         0      
       smartconfig.obj            128     0         0      
       network_common.obj         38      0         0      
    +--+--------------------------+-------+---------+---------+
       Total:                     10278   1024      4183   
                                                           
    C:/TI/CC3200SDK_1.2.0/cc3200-sdk/driverlib/ccs/Release/driverlib.a
       prcm.obj                   940     168       0      
       interrupt.obj              608     284       0      
       udma.obj                   766     0         0      
       spi.obj                    696     24        0      
       i2s.obj                    706     0         0      
       pin.obj                    414     256       0      
       sdhost.obj                 594     0         0      
       i2c.obj                    352     0         0      
       gpio.obj                   346     0         0      
       uart.obj                   82      0         0      
       cpu.obj                    20      0         0      
       utils.obj                  6       0         0      
    +--+--------------------------+-------+---------+---------+
       Total:                     5530    732       0      
                                                           
    C:/TI/CC3200SDK_1.2.0/cc3200-sdk/oslib/ccs/free_rtos/free_rtos.a
       tasks.obj                  4700    0         360    
       queue.obj                  2852    0         80     
       osi_freertos.obj           1116    0         12     
       list.obj                   298     0         0      
       port.obj                   272     0         4      
       portasm.obj                186     0         0      
       heap_3.obj                 56      0         0      
    +--+--------------------------+-------+---------+---------+
       Total:                     9480    0         456    
                                                           
    C:/TI/CC3200SDK_1.2.0/cc3200-sdk/simplelink/ccs/OS/simplelink.a
       driver.obj                 6622    172       391    
       cc_pal.obj                 1644    0         97     
       netapp.obj                 1528    12        0      
       device.obj                 838     12        0      
       socket.obj                 782     8         0      
       wlan.obj                   456     16        0      
    +--+--------------------------+-------+---------+---------+
       Total:                     11870   220       488    
                                                           
    C:/TI/CC3200SDK_1.2.0/cc3200-sdk/third_party/fatfs/ccs/Release/fatfs.a
       ff.obj                     10964   0         6      
    +--+--------------------------+-------+---------+---------+
       Total:                     10964   0         6      
                                                           
    C:\TI\ccsv7\tools\compiler\ti-cgt-arm_16.9.0.LTS\lib\rtsv7M4_T_le_eabi.lib
       memory.obj                 976     0         12     
       ull_div_t2.obj             500     0         0      
       memcpy_t2.obj              156     0         0      
       memset_t2.obj              122     0         0      
       autoinit.obj               112     0         0      
       copy_decompress_lzss.obj   104     0         0      
       exit.obj                   84      0         12     
       cpy_tbl.obj                76      0         0      
       boot.obj                   64      0         0      
       memmov.obj                 36      0         0      
       _lock.obj                  20      0         8      
       args_main.obj              24      0         0      
       strlen.obj                 20      0         0      
       copy_decompress_none.obj   14      0         0      
       copy_zero_init.obj         12      0         0      
       pre_init.obj               4       0         0      
       stkdepth_vars.obj          0       0         4      
       mpu_init.obj               2       0         0      
       startup.obj                2       0         0      
    +--+--------------------------+-------+---------+---------+
       Total:                     2328    0         36     
                                                           
       Heap:                      0       0         94208  
       Stack:                     0       0         1280   
       Linker Generated:          0       105       0      
    +--+--------------------------+-------+---------+---------+
       Grand Total:               50450   2081      100657 


LINKER GENERATED COPY TABLES

__TI_cinit_table @ 20010d48 records: 2, size/record: 8, table size: 16
	.data: load addr=20010ce8, load size=00000045 bytes, run addr=2002a690, run size=000000e4 bytes, compression=lzss
	.bss: load addr=20010d40, load size=00000008 bytes, run addr=2002a800, run size=00001352 bytes, compression=zero_init


LINKER GENERATED HANDLER TABLE

__TI_handler_table @ 20010d30 records: 3, size/record: 4, table size: 12
	index: 0, handler: __TI_decompress_lzss
	index: 1, handler: __TI_decompress_none
	index: 2, handler: __TI_zero_init


GLOBAL SYMBOLS: SORTED ALPHABETICALLY BY Name 

address   name                                  
-------   ----                                  
2000d453  AudioCaptureRendererConfigure         
2000d401  AudioCapturerGetDMADataPtr            
20008c75  AudioCodecConfig                      
2000911f  AudioCodecMicMute                     
20009141  AudioCodecMicUnmute                   
200090b7  AudioCodecMicVolCtrl                  
20008c55  AudioCodecReset                       
20009073  AudioCodecSpeakerMute                 
20009095  AudioCodecSpeakerUnmute               
20008ff3  AudioCodecSpeakerVolCtrl              
20009fdf  AudioControlTask                      
2000d405  AudioInit                             
2000d3fd  AudioRendererGetDMADataPtr            
2000d411  AudioSetupDMAMode                     
2000d4c3  Audio_Start                           
2000c26f  BoardInit                             
2000f5e1  C$$EXIT                               
200107a9  CPUcpsie                              
2000c5a3  ClearTerm                             
2000ab2d  ConnectToNetwork                      
2000a011  ControlTaskCreate                     
2000a093  ControlTaskDestroy                    
2000b091  CreateCircularBuffer                  
2000ac35  CreateUdpServer                       
2002bb20  DMAMsgQ                               
2000b371  DMAPingPongCompleteAppCB_opt          
2000b0d5  DestroyCircularBuffer                 
2000c0ab  DmaErrorIntHandler                    
2000ffed  DmaSpiSwIntHandler                    
2000c095  DmaSwIntHandler                       
2000c5ad  Error                                 
2000b10b  FillBuffer                            
2000b281  FillZeroes                            
2000fee9  GPIODirModeSet                        
200107bd  GPIOIntClear                          
20010579  GPIOIntDisable                        
20010593  GPIOIntEnable                         
20010309  GPIOIntStatus                         
2000eb91  GPIOIntTypeSet                        
20010663  GPIOPinRead                           
200103b3  GPIOPinWrite                          
2000afc1  GPIO_IF_ConfigureNIntEnable           
2000b03d  GPIO_IF_Get                           
2000af7b  GPIO_IF_GetPortNPin                   
2000ad3d  GPIO_IF_LedConfigure                  
2000ae2f  GPIO_IF_LedOff                        
2000ad7b  GPIO_IF_LedOn                         
2000aee3  GPIO_IF_LedStatus                     
2000af4d  GPIO_IF_LedToggle                     
2000b003  GPIO_IF_Set                           
2000b2dd  GetBufferEmptySize                    
2000b29f  GetBufferSize                         
2000c5bb  GetCmd                                
2000b0ef  GetReadPtr                            
2000b0fd  GetWritePtr                           
20010835  I2CMasterControl                      
2001088d  I2CMasterDataGet                      
20010725  I2CMasterDataPut                      
2001073b  I2CMasterEnable                       
20010019  I2CMasterErr                          
2000ea89  I2CMasterInitExpClk                   
20010847  I2CMasterIntClearEx                   
20010455  I2CMasterIntStatusEx                  
2001032b  I2CMasterSlaveAddrSet                 
20010859  I2CMasterTimeoutSet                   
2000b897  I2C_IF_Close                          
2000b84f  I2C_IF_Open                           
2000b74d  I2C_IF_Read                           
2000b809  I2C_IF_ReadFrom                       
2000b69d  I2C_IF_Write                          
2000d6ed  I2SConfigSetExpClk                    
2000eb0d  I2SEnable                             
2000fe41  I2SIntClear                           
2000fb55  I2SIntEnable                          
20010751  I2SIntRegister                        
200100c7  I2SRxFIFOEnable                       
2000f979  I2SSerializerConfig                   
200100f1  I2STxFIFOEnable                       
20009f5d  InitControl                           
2000c591  InitTerm                              
2000e19d  IntDisable                            
2000e245  IntEnable                             
20010919  IntMasterEnable                       
2000f431  IntPendClear                          
2000f539  IntPrioritySet                        
200103d5  IntRegister                           
20010231  IntUnregister                         
200107d1  IntVTableBaseSet                      
2000b2f3  IsBufferEmpty                         
2000b34b  IsBufferOverflow                      
2000b30f  IsBufferSizeFilled                    
2000b32d  IsBufferVacant                        
2000c599  Message                               
20009cc5  MicroPhoneControl                     
2000acc5  Network                               
200108c5  NwpMaskInterrupt                      
2000fe79  NwpPowerOff                           
200103f5  NwpPowerOn                            
200101bd  NwpRegisterInterruptHandler           
200108d1  NwpUnMaskInterrupt                    
20010ba8  OpcodeTranslateTable                  
2000ca4d  PRCMCC3200MCUInit                     
20010767  PRCMHIBRegRead                        
2001077d  PRCMHIBRegWrite                       
2000f489  PRCMI2SClockFreqSet                   
2001011d  PRCMPeripheralClkDisable              
2000fd51  PRCMPeripheralClkEnable               
2000e6a9  PRCMPeripheralClockGet                
2000f4e1  PRCMPeripheralReset                   
2000ff21  PRCMPeripheralStatusGet               
20010045  PRCMSysResetCauseGet                  
2000ea01  PinConfigSet                          
2000fd8d  PinDirModeSet                         
2000fb95  PinModeSet                            
2000e0e9  PinMuxConfig                          
2000ffbd  PinTypeGPIO                           
200104eb  PinTypeI2C                            
200105ad  PinTypeI2S                            
200105c7  PinTypeSDHost                         
200105e1  PinTypeUART                           
2000b223  ReadBuffer                            
2000c709  Report                                
200108b7  ResetISR                              
2002bb4b  RxIrqCnt                              
200101e3  SDHostBlockCountSet                   
20010145  SDHostBlockSizeSet                    
2001034d  SDHostCmdReset                        
2000fcd5  SDHostCmdSend                         
20010415  SDHostDataRead                        
20010473  SDHostDataWrite                       
2000ee95  SDHostInit                            
20010255  SDHostIntClear                        
20010071  SDHostIntStatus                       
2000ff55  SDHostRespGet                         
2000f29d  SDHostSetExpClk                       
UNDEFED   SHT$$INIT_ARRAY$$Base                 
UNDEFED   SHT$$INIT_ARRAY$$Limit                
2001067b  SPICSDisable                          
20010693  SPICSEnable                           
2000e395  SPIConfigSetExpClk                    
200106ab  SPIDisable                            
200105fb  SPIDmaDisable                         
20010615  SPIDmaEnable                          
200106c3  SPIEnable                             
2001062f  SPIFIFODisable                        
20010649  SPIFIFOEnable                         
2000ff89  SPIFIFOLevelSet                       
2000f8a1  SPIIntClear                           
2000f725  SPIIntEnable                          
2001036f  SPIReset                              
20010391  SPIWordCountSet                       
2000b589  SetupPingPongDMATransferRx            
2000b517  SetupPingPongDMATransferTx            
2000aa9b  SimpleLinkGeneralEventHandler         
2000aa8f  SimpleLinkHttpServerCallback          
2000aa57  SimpleLinkNetAppEventHandler          
2000aaab  SimpleLinkSockEventHandler            
2000a9d5  SimpleLinkWlanEventHandler            
2002bb24  Size                                  
2000ed15  SmartConfigConnect                    
2000ed79  SmartConfigStop                       
2000b97b  Speaker                               
20009d8b  SpeakerControl                        
2000c671  TrimSpace                             
20010507  UARTCharGetNonBlocking                
20010491  UARTCharPut                           
200106db  UARTCharsAvail                        
2000c113  UDMAChannelSelect                     
2000c1e7  UDMADeInit                            
2000c0b7  UDMAInit                              
2000c141  UDMASetupAutoMemTransfer              
2000c175  UDMASetupPingPongTransfer             
2000c1fb  UDMASetupTransfer                     
2000c1cf  UDMAStartTransfer                     
2000c1db  UDMAStopTransfer                      
2000b17b  UpdateReadPtr                         
2000b1cf  UpdateWritePtr                        
20010923  UtilsDelay                            
2000a3e9  VDeleteSimpleLinkSpawnTask            
2000a399  VStartSimpleLinkSpawnTask             
20010be4  _SlActionLookupTable                  
2000e435  _SlDriverHandleError                  
2000f8e9  _SlDrvBasicCmd                        
2000df6d  _SlDrvCmdOp                           
2000f15d  _SlDrvCmdSend                         
2000e60d  _SlDrvDeviceEventHandler              
2001087d  _SlDrvDispatchHttpServerEvents        
2000d0d1  _SlDrvDriverCBDeinit                  
2000c72d  _SlDrvDriverCBInit                    
20010279  _SlDrvGlobalObjUnLock                 
2000fa01  _SlDrvHandleHttpServerEvents          
2000fbd5  _SlDrvHandleNetAppEvents              
2000fc15  _SlDrvHandleWlanEvents                
20010793  _SlDrvMemZero                         
2000dc41  _SlDrvMsgReadSpawnCtx                 
2000d2f9  _SlDrvNetAppEventHandler              
2000f771  _SlDrvProtectAsyncRespSetting         
20010195  _SlDrvProtectionObjLockWaitForever    
2001029d  _SlDrvProtectionObjUnLock             
2000bec5  _SlDrvReleasePoolObj                  
2001089b  _SlDrvResetCmdExt                     
2000f635  _SlDrvRxIrqHandler                    
200104af  _SlDrvSyncObjSignal                   
200102c1  _SlDrvSyncObjWaitForever              
2000fc55  _SlDrvSyncObjWaitTimeout              
2000c8bd  _SlDrvWaitForPoolObj                  
20010cbc  _SlNetAppSendTokenValueCmdCtrl        
20030000  __STACK_END                           
00000500  __STACK_SIZE                          
00017000  __SYSMEM_SIZE                         
20010d48  __TI_CINIT_Base                       
20010d58  __TI_CINIT_Limit                      
20010d30  __TI_Handler_Table_Base               
20010d3c  __TI_Handler_Table_Limit              
2000f07d  __TI_auto_init                        
2002a700  __TI_cleanup_ptr                      
2000f235  __TI_decompress_lzss                  
200108a9  __TI_decompress_none                  
2002a704  __TI_dtors_ptr                        
2002a708  __TI_enable_exit_profile_output       
ffffffff  __TI_pprof_out_hndl                   
ffffffff  __TI_prof_data_size                   
ffffffff  __TI_prof_data_start                  
20010ce8  __TI_static_base__                    
200108dd  __TI_zero_init                        
2000ef11  __aeabi_memclr                        
2000ef11  __aeabi_memclr4                       
2000ef11  __aeabi_memclr8                       
2000e4d5  __aeabi_memcpy                        
2000e4d5  __aeabi_memcpy4                       
2000e4d5  __aeabi_memcpy8                       
2000ef13  __aeabi_memset                        
2000ef13  __aeabi_memset4                       
2000ef13  __aeabi_memset8                       
2000bcd1  __aeabi_uldivmod                      
ffffffff  __binit__                             
ffffffff  __c_args__                            
2000cfaf  __mpu_init                            
2002fb00  __stack                               
2001070d  _args_main                            
2000fc95  _c_int00                              
2002a754  _lock                                 
200107f3  _nop                                  
200107eb  _register_lock                        
200107e5  _register_unlock                      
2000f305  _sl_HandleAsync_Accept                
2000ec15  _sl_HandleAsync_Connect               
2000e73d  _sl_HandleAsync_DnsGetHostByName      
2000dd15  _sl_HandleAsync_DnsGetHostByService   
2000ec95  _sl_HandleAsync_InitComplete          
2000e7cd  _sl_HandleAsync_PingResponse          
2000f58d  _sl_HandleAsync_Select                
2000f685  _sl_HandleAsync_Stop                  
2000f1c9  _sl_NetAppSendTokenValue              
20013690  _sys_memory                           
2000d7db  _system_post_cinit                    
20010929  _system_pre_init                      
2002a758  _unlock                               
2000f5e5  abort                                 
ffffffff  binit                                 
2000a91d  calloc                                
2000b971  closeFile                             
200046b9  clust2sect                            
2000f809  copy_in                               
2002ba84  dir                                   
20009907  disk_initialize                       
20009c51  disk_ioctl                            
20009a55  disk_read                             
20009a37  disk_status                           
20009b39  disk_write                            
20007165  eTaskGetState                         
2000f5ed  exit                                  
20006c71  f_chmod                               
200062f9  f_close                               
20006603  f_closedir                            
20006701  f_getfree                             
20006329  f_lseek                               
20006a8b  f_mkdir                               
20005a97  f_mount                               
20005b15  f_open                                
2000655b  f_opendir                             
20005d31  f_read                                
20006623  f_readdir                             
20006d01  f_rename                              
200066ad  f_stat                                
200061fd  f_sync                                
2000685f  f_truncate                            
20006987  f_unlink                              
20006e51  f_utime                               
20005f6b  f_write                               
2002b230  fp                                    
2000a667  free                                  
2002b000  fs                                    
2002bb28  g_AudioControlTask                    
2002bb2c  g_ControlMsgQueue                     
2002a6f4  g_MicTask                             
2002a6f8  g_NetworkTask                         
2002a6f0  g_SpeakerTask                         
2002a73c  g_SpiFd                               
2002ba34  g_UdpSock                             
2002bb4c  g_bDeviceRestartIsRequired            
2002bb30  g_cDummy                              
2002a730  g_iReceiveCount                       
2002a734  g_iRetVal                             
2002a6fc  g_loopback                            
2002bb34  g_pAudioInControlHdl                  
2002bb38  g_pAudioOutControlHdl                 
2002a748  g_pCB                                 
2002a740  g_pHostIntHdl                         
2002bb3c  g_pPlayBuffer                         
2002bb40  g_pRecordBuffer                       
20004000  g_pfnVectors                          
2002bb0c  g_ucConnectionBSSID                   
2002ba60  g_ucConnectionSSID                    
2002a744  g_ucDMAEnabled                        
2002b994  g_ucDinDout                           
2002bb4d  g_ucLED1Pin                           
2002bb4e  g_ucLED2Pin                           
2002bb4f  g_ucLED3Pin                           
2002a745  g_ucMicStartFlag                      
2002a746  g_ucSpkrStartFlag                     
2002a760  g_uiIpAddress                         
2002a724  g_uiLED1Port                          
2002a728  g_uiLED2Port                          
2002a72c  g_uiLED3Port                          
2002a768  g_uiPlayWaterMark                     
2002a75c  g_ulStatus                            
2002b454  gaucZeroBuffer                        
200046e9  get_fat                               
20009c95  get_fattime                           
2002b7cc  gfpAppCallbackHndl                    
2002a800  gpCtlTbl                              
2002a738  iCount                                
2002bb50  iDone                                 
2000a94d  mDNS_Task                             
2000c287  main                                  
2002a76c  main_func_sp                          
2000a5fd  malloc                                
2000a4ed  mem_Free                              
2000a4e1  mem_Malloc                            
2000a50d  mem_copy                              
2000a4f9  mem_set                               
2000a831  memalign                              
2000e4d5  memcpy                                
200102e5  memmove                               
2000ef19  memset                                
2000a57d  minit                                 
2000b91d  openFile                              
2000a563  osi_ContextRestore                    
2000a561  osi_ContextSave                       
2000a521  osi_EnterCritical                     
2000a52b  osi_ExitCritical                      
2000a147  osi_InterruptDeRegister               
2000a121  osi_InterruptRegister                 
2000a251  osi_LockObjCreate                     
2000a2c5  osi_LockObjDelete                     
2000a2d5  osi_LockObjLock                       
2000a301  osi_LockObjUnlock                     
2000a415  osi_MsgQCreate                        
2000a459  osi_MsgQDelete                        
2000a4a5  osi_MsgQRead                          
2000a473  osi_MsgQWrite                         
2000a53d  osi_Sleep                             
2000a32b  osi_Spawn                             
2000a22f  osi_SyncObjClear                      
2000a159  osi_SyncObjCreate                     
2000a189  osi_SyncObjDelete                     
2000a1a3  osi_SyncObjSignal                     
2000a1cb  osi_SyncObjSignalFromISR              
2000a203  osi_SyncObjWait                       
2000a277  osi_TaskCreate                        
2000a2b7  osi_TaskDelete                        
2000a54d  osi_TaskDisable                       
2000a557  osi_TaskEnable                        
2000a535  osi_start                             
2002ac00  pBuffer                               
2002a74c  pPingCallBackFunc                     
2002bb44  pRxBuffer                             
20007689  pcTaskGetTaskName                     
2000e0e1  portCLZ                               
2000e0c9  prvPortStartFirstTask                 
20004823  put_fat                               
2000feb1  pvPortMalloc                          
2002a690  pxCurrentTCB                          
2000d1e9  pxPortInitialiseStack                 
2000b93d  readFile                              
2000a729  realloc                               
2002bb51  res                                   
2000e571  sl_Bind                               
2000fb11  sl_Htonl                              
2000fdc9  sl_Htons                              
2000d4fd  sl_NetAppDnsGetHostByService          
2000f6d5  sl_NetAppMDNSRegisterService          
2000dde1  sl_NetAppMDNSRegisterUnregisterService
2000f931  sl_NetAppMDNSUnRegisterService        
20010209  sl_Provisioning_HttpServerEventHdl    
20010217  sl_Provisioning_NetAppEventHdl        
20010223  sl_Provisioning_WlanEventHdl          
2000f0ed  sl_Socket                             
2000d9a9  sl_Start                              
2000d8c5  sl_Stop                               
2000ef8d  sl_WlanPolicySet                      
2000fa89  sl_WlanProfileDel                     
2000facd  sl_WlanSetMode                        
2000e2ed  sl_WlanSmartConfigStart               
20010435  sl_WlanSmartConfigStop                
2000f005  spi_Close                             
2000cd35  spi_Open                              
2000db65  spi_Read                              
2000e975  spi_Write                             
200107f9  strlen                                
2000f855  uDMAChannelAssign                     
2000f369  uDMAChannelAttributeDisable           
2000f3cd  uDMAChannelAttributeEnable            
2000fe05  uDMAChannelControlSet                 
20010525  uDMAChannelDisable                    
20010541  uDMAChannelEnable                     
2001055d  uDMAChannelRequest                    
2000d5fd  uDMAChannelTransferSet                
200108e9  uDMAControlBaseGet                    
2001080d  uDMAControlBaseSet                    
200108f5  uDMADisable                           
20010901  uDMAEnable                            
20010821  uDMAIntClear                          
2001090d  uDMAIntStatus                         
2001086b  uDMAIntUnregister                     
200088b1  ucQueueGetQueueType                   
2000e031  ulPortSetInterruptMask                
2000cf67  uxListRemove                          
20008891  uxQueueGetQueueNumber                 
20008825  uxQueueMessagesWaiting                
2000885b  uxQueueMessagesWaitingFromISR         
2000883b  uxQueueSpacesAvailable                
2000767d  uxTaskGetNumberOfTasks                
200076ad  uxTaskGetSystemState                  
20007ba1  uxTaskGetTaskNumber                   
200071f9  uxTaskPriorityGet                     
200080f9  uxTaskResetEventItemValue             
2000c261  vApplicationIdleHook                  
2000c26d  vApplicationMallocFailedHook          
2000c263  vApplicationStackOverflowHook         
2000c255  vApplicationTickHook                  
2000c257  vAssertCalled                         
2000ce85  vListInitialise                       
2000ceb5  vListInitialiseItem                   
2000cf01  vListInsert                           
2000cec5  vListInsertEnd                        
2000e047  vPortClearInterruptMask               
2000d265  vPortEndScheduler                     
2000d279  vPortEnterCritical                    
2000d291  vPortExitCritical                     
2000fed1  vPortFree                             
2000e0a1  vPortSVCHandler                       
2000d2c5  vPortSetupTimerInterrupt              
2000d267  vPortYield                            
20008acb  vQueueAddToRegistry                   
2000886d  vQueueDelete                          
2000889f  vQueueSetQueueNumber                  
20008b0d  vQueueUnregisterQueue                 
2000710f  vTaskDelay                            
20007073  vTaskDelayUntil                       
20006fe3  vTaskDelete                           
20007561  vTaskEndScheduler                     
20007b93  vTaskMissedYield                      
20007929  vTaskPlaceOnEventList                 
2000798d  vTaskPlaceOnUnorderedEventList        
2000806f  vTaskPriorityDisinherit               
20007fb5  vTaskPriorityInherit                  
20007231  vTaskPrioritySet                      
20007429  vTaskResume                           
20007bc1  vTaskSetTaskNumber                    
20007af3  vTaskSetTimeOutState                  
20007517  vTaskStartScheduler                   
20007335  vTaskSuspend                          
20007573  vTaskSuspendAll                       
200078a9  vTaskSwitchContext                    
2002a718  xHigherPriorityTaskWoken              
2000e055  xPortPendSVHandler                    
2000d239  xPortStartScheduler                   
2000d2a9  xPortSysTickHandler                   
20008b5b  xQueueAddToSet                        
2000848d  xQueueAltGenericReceive               
200083e1  xQueueAltGenericSend                  
200082b5  xQueueCreateCountingSemaphore         
20008237  xQueueCreateMutex                     
20008b47  xQueueCreateSet                       
200081c1  xQueueGenericCreate                   
20008627  xQueueGenericReceive                  
20008131  xQueueGenericReset                    
200082d5  xQueueGenericSend                     
2000858b  xQueueGenericSendFromISR              
20008a67  xQueueIsQueueEmptyFromISR             
20008aa9  xQueueIsQueueFullFromISR              
200087e1  xQueuePeekFromISR                     
20008769  xQueueReceiveFromISR                  
2002b9e4  xQueueRegistry                        
20008b8f  xQueueRemoveFromSet                   
20008bd1  xQueueSelectFromSet                   
20008beb  xQueueSelectFromSetFromISR            
2002a71c  xSimpleLinkSpawnQueue                 
2002a720  xSimpleLinkSpawnTaskHndl              
20007b19  xTaskCheckForTimeOut                  
20006ed5  xTaskGenericCreate                    
20007f69  xTaskGetCurrentTaskHandle             
2000776b  xTaskGetIdleTaskHandle                
20007f7d  xTaskGetSchedulerState                
20007651  xTaskGetTickCount                     
20007665  xTaskGetTickCountFromISR              
20007785  xTaskIncrementTick                    
20007a01  xTaskRemoveFromEventList              
20007a85  xTaskRemoveFromUnorderedEventList     
20007585  xTaskResumeAll                        
2000749d  xTaskResumeFromISR                    


GLOBAL SYMBOLS: SORTED BY Symbol Address 

address   name                                  
-------   ----                                  
00000500  __STACK_SIZE                          
00017000  __SYSMEM_SIZE                         
20004000  g_pfnVectors                          
200046b9  clust2sect                            
200046e9  get_fat                               
20004823  put_fat                               
20005a97  f_mount                               
20005b15  f_open                                
20005d31  f_read                                
20005f6b  f_write                               
200061fd  f_sync                                
200062f9  f_close                               
20006329  f_lseek                               
2000655b  f_opendir                             
20006603  f_closedir                            
20006623  f_readdir                             
200066ad  f_stat                                
20006701  f_getfree                             
2000685f  f_truncate                            
20006987  f_unlink                              
20006a8b  f_mkdir                               
20006c71  f_chmod                               
20006d01  f_rename                              
20006e51  f_utime                               
20006ed5  xTaskGenericCreate                    
20006fe3  vTaskDelete                           
20007073  vTaskDelayUntil                       
2000710f  vTaskDelay                            
20007165  eTaskGetState                         
200071f9  uxTaskPriorityGet                     
20007231  vTaskPrioritySet                      
20007335  vTaskSuspend                          
20007429  vTaskResume                           
2000749d  xTaskResumeFromISR                    
20007517  vTaskStartScheduler                   
20007561  vTaskEndScheduler                     
20007573  vTaskSuspendAll                       
20007585  xTaskResumeAll                        
20007651  xTaskGetTickCount                     
20007665  xTaskGetTickCountFromISR              
2000767d  uxTaskGetNumberOfTasks                
20007689  pcTaskGetTaskName                     
200076ad  uxTaskGetSystemState                  
2000776b  xTaskGetIdleTaskHandle                
20007785  xTaskIncrementTick                    
200078a9  vTaskSwitchContext                    
20007929  vTaskPlaceOnEventList                 
2000798d  vTaskPlaceOnUnorderedEventList        
20007a01  xTaskRemoveFromEventList              
20007a85  xTaskRemoveFromUnorderedEventList     
20007af3  vTaskSetTimeOutState                  
20007b19  xTaskCheckForTimeOut                  
20007b93  vTaskMissedYield                      
20007ba1  uxTaskGetTaskNumber                   
20007bc1  vTaskSetTaskNumber                    
20007f69  xTaskGetCurrentTaskHandle             
20007f7d  xTaskGetSchedulerState                
20007fb5  vTaskPriorityInherit                  
2000806f  vTaskPriorityDisinherit               
200080f9  uxTaskResetEventItemValue             
20008131  xQueueGenericReset                    
200081c1  xQueueGenericCreate                   
20008237  xQueueCreateMutex                     
200082b5  xQueueCreateCountingSemaphore         
200082d5  xQueueGenericSend                     
200083e1  xQueueAltGenericSend                  
2000848d  xQueueAltGenericReceive               
2000858b  xQueueGenericSendFromISR              
20008627  xQueueGenericReceive                  
20008769  xQueueReceiveFromISR                  
200087e1  xQueuePeekFromISR                     
20008825  uxQueueMessagesWaiting                
2000883b  uxQueueSpacesAvailable                
2000885b  uxQueueMessagesWaitingFromISR         
2000886d  vQueueDelete                          
20008891  uxQueueGetQueueNumber                 
2000889f  vQueueSetQueueNumber                  
200088b1  ucQueueGetQueueType                   
20008a67  xQueueIsQueueEmptyFromISR             
20008aa9  xQueueIsQueueFullFromISR              
20008acb  vQueueAddToRegistry                   
20008b0d  vQueueUnregisterQueue                 
20008b47  xQueueCreateSet                       
20008b5b  xQueueAddToSet                        
20008b8f  xQueueRemoveFromSet                   
20008bd1  xQueueSelectFromSet                   
20008beb  xQueueSelectFromSetFromISR            
20008c55  AudioCodecReset                       
20008c75  AudioCodecConfig                      
20008ff3  AudioCodecSpeakerVolCtrl              
20009073  AudioCodecSpeakerMute                 
20009095  AudioCodecSpeakerUnmute               
200090b7  AudioCodecMicVolCtrl                  
2000911f  AudioCodecMicMute                     
20009141  AudioCodecMicUnmute                   
20009907  disk_initialize                       
20009a37  disk_status                           
20009a55  disk_read                             
20009b39  disk_write                            
20009c51  disk_ioctl                            
20009c95  get_fattime                           
20009cc5  MicroPhoneControl                     
20009d8b  SpeakerControl                        
20009f5d  InitControl                           
20009fdf  AudioControlTask                      
2000a011  ControlTaskCreate                     
2000a093  ControlTaskDestroy                    
2000a121  osi_InterruptRegister                 
2000a147  osi_InterruptDeRegister               
2000a159  osi_SyncObjCreate                     
2000a189  osi_SyncObjDelete                     
2000a1a3  osi_SyncObjSignal                     
2000a1cb  osi_SyncObjSignalFromISR              
2000a203  osi_SyncObjWait                       
2000a22f  osi_SyncObjClear                      
2000a251  osi_LockObjCreate                     
2000a277  osi_TaskCreate                        
2000a2b7  osi_TaskDelete                        
2000a2c5  osi_LockObjDelete                     
2000a2d5  osi_LockObjLock                       
2000a301  osi_LockObjUnlock                     
2000a32b  osi_Spawn                             
2000a399  VStartSimpleLinkSpawnTask             
2000a3e9  VDeleteSimpleLinkSpawnTask            
2000a415  osi_MsgQCreate                        
2000a459  osi_MsgQDelete                        
2000a473  osi_MsgQWrite                         
2000a4a5  osi_MsgQRead                          
2000a4e1  mem_Malloc                            
2000a4ed  mem_Free                              
2000a4f9  mem_set                               
2000a50d  mem_copy                              
2000a521  osi_EnterCritical                     
2000a52b  osi_ExitCritical                      
2000a535  osi_start                             
2000a53d  osi_Sleep                             
2000a54d  osi_TaskDisable                       
2000a557  osi_TaskEnable                        
2000a561  osi_ContextSave                       
2000a563  osi_ContextRestore                    
2000a57d  minit                                 
2000a5fd  malloc                                
2000a667  free                                  
2000a729  realloc                               
2000a831  memalign                              
2000a91d  calloc                                
2000a94d  mDNS_Task                             
2000a9d5  SimpleLinkWlanEventHandler            
2000aa57  SimpleLinkNetAppEventHandler          
2000aa8f  SimpleLinkHttpServerCallback          
2000aa9b  SimpleLinkGeneralEventHandler         
2000aaab  SimpleLinkSockEventHandler            
2000ab2d  ConnectToNetwork                      
2000ac35  CreateUdpServer                       
2000acc5  Network                               
2000ad3d  GPIO_IF_LedConfigure                  
2000ad7b  GPIO_IF_LedOn                         
2000ae2f  GPIO_IF_LedOff                        
2000aee3  GPIO_IF_LedStatus                     
2000af4d  GPIO_IF_LedToggle                     
2000af7b  GPIO_IF_GetPortNPin                   
2000afc1  GPIO_IF_ConfigureNIntEnable           
2000b003  GPIO_IF_Set                           
2000b03d  GPIO_IF_Get                           
2000b091  CreateCircularBuffer                  
2000b0d5  DestroyCircularBuffer                 
2000b0ef  GetReadPtr                            
2000b0fd  GetWritePtr                           
2000b10b  FillBuffer                            
2000b17b  UpdateReadPtr                         
2000b1cf  UpdateWritePtr                        
2000b223  ReadBuffer                            
2000b281  FillZeroes                            
2000b29f  GetBufferSize                         
2000b2dd  GetBufferEmptySize                    
2000b2f3  IsBufferEmpty                         
2000b30f  IsBufferSizeFilled                    
2000b32d  IsBufferVacant                        
2000b34b  IsBufferOverflow                      
2000b371  DMAPingPongCompleteAppCB_opt          
2000b517  SetupPingPongDMATransferTx            
2000b589  SetupPingPongDMATransferRx            
2000b69d  I2C_IF_Write                          
2000b74d  I2C_IF_Read                           
2000b809  I2C_IF_ReadFrom                       
2000b84f  I2C_IF_Open                           
2000b897  I2C_IF_Close                          
2000b91d  openFile                              
2000b93d  readFile                              
2000b971  closeFile                             
2000b97b  Speaker                               
2000bcd1  __aeabi_uldivmod                      
2000bec5  _SlDrvReleasePoolObj                  
2000c095  DmaSwIntHandler                       
2000c0ab  DmaErrorIntHandler                    
2000c0b7  UDMAInit                              
2000c113  UDMAChannelSelect                     
2000c141  UDMASetupAutoMemTransfer              
2000c175  UDMASetupPingPongTransfer             
2000c1cf  UDMAStartTransfer                     
2000c1db  UDMAStopTransfer                      
2000c1e7  UDMADeInit                            
2000c1fb  UDMASetupTransfer                     
2000c255  vApplicationTickHook                  
2000c257  vAssertCalled                         
2000c261  vApplicationIdleHook                  
2000c263  vApplicationStackOverflowHook         
2000c26d  vApplicationMallocFailedHook          
2000c26f  BoardInit                             
2000c287  main                                  
2000c591  InitTerm                              
2000c599  Message                               
2000c5a3  ClearTerm                             
2000c5ad  Error                                 
2000c5bb  GetCmd                                
2000c671  TrimSpace                             
2000c709  Report                                
2000c72d  _SlDrvDriverCBInit                    
2000c8bd  _SlDrvWaitForPoolObj                  
2000ca4d  PRCMCC3200MCUInit                     
2000cd35  spi_Open                              
2000ce85  vListInitialise                       
2000ceb5  vListInitialiseItem                   
2000cec5  vListInsertEnd                        
2000cf01  vListInsert                           
2000cf67  uxListRemove                          
2000cfaf  __mpu_init                            
2000d0d1  _SlDrvDriverCBDeinit                  
2000d1e9  pxPortInitialiseStack                 
2000d239  xPortStartScheduler                   
2000d265  vPortEndScheduler                     
2000d267  vPortYield                            
2000d279  vPortEnterCritical                    
2000d291  vPortExitCritical                     
2000d2a9  xPortSysTickHandler                   
2000d2c5  vPortSetupTimerInterrupt              
2000d2f9  _SlDrvNetAppEventHandler              
2000d3fd  AudioRendererGetDMADataPtr            
2000d401  AudioCapturerGetDMADataPtr            
2000d405  AudioInit                             
2000d411  AudioSetupDMAMode                     
2000d453  AudioCaptureRendererConfigure         
2000d4c3  Audio_Start                           
2000d4fd  sl_NetAppDnsGetHostByService          
2000d5fd  uDMAChannelTransferSet                
2000d6ed  I2SConfigSetExpClk                    
2000d7db  _system_post_cinit                    
2000d8c5  sl_Stop                               
2000d9a9  sl_Start                              
2000db65  spi_Read                              
2000dc41  _SlDrvMsgReadSpawnCtx                 
2000dd15  _sl_HandleAsync_DnsGetHostByService   
2000dde1  sl_NetAppMDNSRegisterUnregisterService
2000df6d  _SlDrvCmdOp                           
2000e031  ulPortSetInterruptMask                
2000e047  vPortClearInterruptMask               
2000e055  xPortPendSVHandler                    
2000e0a1  vPortSVCHandler                       
2000e0c9  prvPortStartFirstTask                 
2000e0e1  portCLZ                               
2000e0e9  PinMuxConfig                          
2000e19d  IntDisable                            
2000e245  IntEnable                             
2000e2ed  sl_WlanSmartConfigStart               
2000e395  SPIConfigSetExpClk                    
2000e435  _SlDriverHandleError                  
2000e4d5  __aeabi_memcpy                        
2000e4d5  __aeabi_memcpy4                       
2000e4d5  __aeabi_memcpy8                       
2000e4d5  memcpy                                
2000e571  sl_Bind                               
2000e60d  _SlDrvDeviceEventHandler              
2000e6a9  PRCMPeripheralClockGet                
2000e73d  _sl_HandleAsync_DnsGetHostByName      
2000e7cd  _sl_HandleAsync_PingResponse          
2000e975  spi_Write                             
2000ea01  PinConfigSet                          
2000ea89  I2CMasterInitExpClk                   
2000eb0d  I2SEnable                             
2000eb91  GPIOIntTypeSet                        
2000ec15  _sl_HandleAsync_Connect               
2000ec95  _sl_HandleAsync_InitComplete          
2000ed15  SmartConfigConnect                    
2000ed79  SmartConfigStop                       
2000ee95  SDHostInit                            
2000ef11  __aeabi_memclr                        
2000ef11  __aeabi_memclr4                       
2000ef11  __aeabi_memclr8                       
2000ef13  __aeabi_memset                        
2000ef13  __aeabi_memset4                       
2000ef13  __aeabi_memset8                       
2000ef19  memset                                
2000ef8d  sl_WlanPolicySet                      
2000f005  spi_Close                             
2000f07d  __TI_auto_init                        
2000f0ed  sl_Socket                             
2000f15d  _SlDrvCmdSend                         
2000f1c9  _sl_NetAppSendTokenValue              
2000f235  __TI_decompress_lzss                  
2000f29d  SDHostSetExpClk                       
2000f305  _sl_HandleAsync_Accept                
2000f369  uDMAChannelAttributeDisable           
2000f3cd  uDMAChannelAttributeEnable            
2000f431  IntPendClear                          
2000f489  PRCMI2SClockFreqSet                   
2000f4e1  PRCMPeripheralReset                   
2000f539  IntPrioritySet                        
2000f58d  _sl_HandleAsync_Select                
2000f5e1  C$$EXIT                               
2000f5e5  abort                                 
2000f5ed  exit                                  
2000f635  _SlDrvRxIrqHandler                    
2000f685  _sl_HandleAsync_Stop                  
2000f6d5  sl_NetAppMDNSRegisterService          
2000f725  SPIIntEnable                          
2000f771  _SlDrvProtectAsyncRespSetting         
2000f809  copy_in                               
2000f855  uDMAChannelAssign                     
2000f8a1  SPIIntClear                           
2000f8e9  _SlDrvBasicCmd                        
2000f931  sl_NetAppMDNSUnRegisterService        
2000f979  I2SSerializerConfig                   
2000fa01  _SlDrvHandleHttpServerEvents          
2000fa89  sl_WlanProfileDel                     
2000facd  sl_WlanSetMode                        
2000fb11  sl_Htonl                              
2000fb55  I2SIntEnable                          
2000fb95  PinModeSet                            
2000fbd5  _SlDrvHandleNetAppEvents              
2000fc15  _SlDrvHandleWlanEvents                
2000fc55  _SlDrvSyncObjWaitTimeout              
2000fc95  _c_int00                              
2000fcd5  SDHostCmdSend                         
2000fd51  PRCMPeripheralClkEnable               
2000fd8d  PinDirModeSet                         
2000fdc9  sl_Htons                              
2000fe05  uDMAChannelControlSet                 
2000fe41  I2SIntClear                           
2000fe79  NwpPowerOff                           
2000feb1  pvPortMalloc                          
2000fed1  vPortFree                             
2000fee9  GPIODirModeSet                        
2000ff21  PRCMPeripheralStatusGet               
2000ff55  SDHostRespGet                         
2000ff89  SPIFIFOLevelSet                       
2000ffbd  PinTypeGPIO                           
2000ffed  DmaSpiSwIntHandler                    
20010019  I2CMasterErr                          
20010045  PRCMSysResetCauseGet                  
20010071  SDHostIntStatus                       
200100c7  I2SRxFIFOEnable                       
200100f1  I2STxFIFOEnable                       
2001011d  PRCMPeripheralClkDisable              
20010145  SDHostBlockSizeSet                    
20010195  _SlDrvProtectionObjLockWaitForever    
200101bd  NwpRegisterInterruptHandler           
200101e3  SDHostBlockCountSet                   
20010209  sl_Provisioning_HttpServerEventHdl    
20010217  sl_Provisioning_NetAppEventHdl        
20010223  sl_Provisioning_WlanEventHdl          
20010231  IntUnregister                         
20010255  SDHostIntClear                        
20010279  _SlDrvGlobalObjUnLock                 
2001029d  _SlDrvProtectionObjUnLock             
200102c1  _SlDrvSyncObjWaitForever              
200102e5  memmove                               
20010309  GPIOIntStatus                         
2001032b  I2CMasterSlaveAddrSet                 
2001034d  SDHostCmdReset                        
2001036f  SPIReset                              
20010391  SPIWordCountSet                       
200103b3  GPIOPinWrite                          
200103d5  IntRegister                           
200103f5  NwpPowerOn                            
20010415  SDHostDataRead                        
20010435  sl_WlanSmartConfigStop                
20010455  I2CMasterIntStatusEx                  
20010473  SDHostDataWrite                       
20010491  UARTCharPut                           
200104af  _SlDrvSyncObjSignal                   
200104eb  PinTypeI2C                            
20010507  UARTCharGetNonBlocking                
20010525  uDMAChannelDisable                    
20010541  uDMAChannelEnable                     
2001055d  uDMAChannelRequest                    
20010579  GPIOIntDisable                        
20010593  GPIOIntEnable                         
200105ad  PinTypeI2S                            
200105c7  PinTypeSDHost                         
200105e1  PinTypeUART                           
200105fb  SPIDmaDisable                         
20010615  SPIDmaEnable                          
2001062f  SPIFIFODisable                        
20010649  SPIFIFOEnable                         
20010663  GPIOPinRead                           
2001067b  SPICSDisable                          
20010693  SPICSEnable                           
200106ab  SPIDisable                            
200106c3  SPIEnable                             
200106db  UARTCharsAvail                        
2001070d  _args_main                            
20010725  I2CMasterDataPut                      
2001073b  I2CMasterEnable                       
20010751  I2SIntRegister                        
20010767  PRCMHIBRegRead                        
2001077d  PRCMHIBRegWrite                       
20010793  _SlDrvMemZero                         
200107a9  CPUcpsie                              
200107bd  GPIOIntClear                          
200107d1  IntVTableBaseSet                      
200107e5  _register_unlock                      
200107eb  _register_lock                        
200107f3  _nop                                  
200107f9  strlen                                
2001080d  uDMAControlBaseSet                    
20010821  uDMAIntClear                          
20010835  I2CMasterControl                      
20010847  I2CMasterIntClearEx                   
20010859  I2CMasterTimeoutSet                   
2001086b  uDMAIntUnregister                     
2001087d  _SlDrvDispatchHttpServerEvents        
2001088d  I2CMasterDataGet                      
2001089b  _SlDrvResetCmdExt                     
200108a9  __TI_decompress_none                  
200108b7  ResetISR                              
200108c5  NwpMaskInterrupt                      
200108d1  NwpUnMaskInterrupt                    
200108dd  __TI_zero_init                        
200108e9  uDMAControlBaseGet                    
200108f5  uDMADisable                           
20010901  uDMAEnable                            
2001090d  uDMAIntStatus                         
20010919  IntMasterEnable                       
20010923  UtilsDelay                            
20010929  _system_pre_init                      
20010ba8  OpcodeTranslateTable                  
20010be4  _SlActionLookupTable                  
20010cbc  _SlNetAppSendTokenValueCmdCtrl        
20010ce8  __TI_static_base__                    
20010d30  __TI_Handler_Table_Base               
20010d3c  __TI_Handler_Table_Limit              
20010d48  __TI_CINIT_Base                       
20010d58  __TI_CINIT_Limit                      
20013690  _sys_memory                           
2002a690  pxCurrentTCB                          
2002a6f0  g_SpeakerTask                         
2002a6f4  g_MicTask                             
2002a6f8  g_NetworkTask                         
2002a6fc  g_loopback                            
2002a700  __TI_cleanup_ptr                      
2002a704  __TI_dtors_ptr                        
2002a708  __TI_enable_exit_profile_output       
2002a718  xHigherPriorityTaskWoken              
2002a71c  xSimpleLinkSpawnQueue                 
2002a720  xSimpleLinkSpawnTaskHndl              
2002a724  g_uiLED1Port                          
2002a728  g_uiLED2Port                          
2002a72c  g_uiLED3Port                          
2002a730  g_iReceiveCount                       
2002a734  g_iRetVal                             
2002a738  iCount                                
2002a73c  g_SpiFd                               
2002a740  g_pHostIntHdl                         
2002a744  g_ucDMAEnabled                        
2002a745  g_ucMicStartFlag                      
2002a746  g_ucSpkrStartFlag                     
2002a748  g_pCB                                 
2002a74c  pPingCallBackFunc                     
2002a754  _lock                                 
2002a758  _unlock                               
2002a75c  g_ulStatus                            
2002a760  g_uiIpAddress                         
2002a768  g_uiPlayWaterMark                     
2002a76c  main_func_sp                          
2002a800  gpCtlTbl                              
2002ac00  pBuffer                               
2002b000  fs                                    
2002b230  fp                                    
2002b454  gaucZeroBuffer                        
2002b7cc  gfpAppCallbackHndl                    
2002b994  g_ucDinDout                           
2002b9e4  xQueueRegistry                        
2002ba34  g_UdpSock                             
2002ba60  g_ucConnectionSSID                    
2002ba84  dir                                   
2002bb0c  g_ucConnectionBSSID                   
2002bb20  DMAMsgQ                               
2002bb24  Size                                  
2002bb28  g_AudioControlTask                    
2002bb2c  g_ControlMsgQueue                     
2002bb30  g_cDummy                              
2002bb34  g_pAudioInControlHdl                  
2002bb38  g_pAudioOutControlHdl                 
2002bb3c  g_pPlayBuffer                         
2002bb40  g_pRecordBuffer                       
2002bb44  pRxBuffer                             
2002bb4b  RxIrqCnt                              
2002bb4c  g_bDeviceRestartIsRequired            
2002bb4d  g_ucLED1Pin                           
2002bb4e  g_ucLED2Pin                           
2002bb4f  g_ucLED3Pin                           
2002bb50  iDone                                 
2002bb51  res                                   
2002fb00  __stack                               
20030000  __STACK_END                           
ffffffff  __TI_pprof_out_hndl                   
ffffffff  __TI_prof_data_size                   
ffffffff  __TI_prof_data_start                  
ffffffff  __binit__                             
ffffffff  __c_args__                            
ffffffff  binit                                 
UNDEFED   SHT$$INIT_ARRAY$$Base                 
UNDEFED   SHT$$INIT_ARRAY$$Limit                

[513 symbols]
